// Jest Snapshot v1, https://goo.gl/fbAQLP

exports[`View/Edit Contact Screen should render ContactView screen 1`] = `null`;
